--- Client Initialised Started ---
Time initialised: Monday Mon Jan  2 15:07:24 2023
Path to log file: ../test/test_log.txt
overwite: false, log_all queries: false
Retrieved API key
Curl initialised
MAX SERVICE DENIALS (503): 2 
MAX INTERNAL SERVICE ERRORS (500): 2 
--- Client Successfully Initialised ---
 
--- Client Initialised Started ---
Time initialised: Monday Mon Jan  2 15:07:30 2023
Path to log file: ../test/test_log.txt
overwite: false, log_all queries: false
Retrieved API key
Curl initialised
MAX SERVICE DENIALS (503): 2 
MAX INTERNAL SERVICE ERRORS (500): 2 
--- Client Successfully Initialised ---
 
--- Client Initialised Started ---
Time initialised: Monday Mon Jan  2 15:07:37 2023
Path to log file: ../test/test_log.txt
overwite: false, log_all queries: false
Retrieved API key
Curl initialised
MAX SERVICE DENIALS (503): 2 
MAX INTERNAL SERVICE ERRORS (500): 2 
--- Client Successfully Initialised ---
 
--- NEW QUERY --- 
Address_sent: https://na1.api.riotgames.com/lol/league/v4/entries/RANKED_FLEX_SR/SILVER/III
Time finished: Monday Mon Jan  2 15:10:14 2023
Final Response Code: 200
Final Response Message: Successful
Attempts: rate_denials: 2, internal_errors: 0, service_denials: 3 
 
--- NEW QUERY --- 
Address_sent: https://na1.api.riotgames.com/lol/league/v4/entries/RANKED_FLEX_SR/SILVER/IV
Time finished: Monday Mon Jan  2 15:10:23 2023
Final Response Code: 200
Final Response Message: Successful
Attempts: rate_denials: 0, internal_errors: 0, service_denials: 2 
 
--- NEW QUERY --- 
Address_sent: https://na1.api.riotgames.com/lol/league/v4/entries/RANKED_FLEX_SR/BRONZE/II
Time finished: Monday Mon Jan  2 15:10:30 2023
Final Response Code: 200
Final Response Message: Successful
Attempts: rate_denials: 0, internal_errors: 0, service_denials: 1 
 
--- NEW QUERY --- 
Address_sent: https://na1.api.riotgames.com/lol/league/v4/entries/RANKED_FLEX_SR/BRONZE/III
Time finished: Monday Mon Jan  2 15:10:40 2023
Final Response Code: 503
Final Response Message: Service unavailable
Attempts: rate_denials: 0, internal_errors: 0, service_denials: 3 
 
--- Client Initialised Started ---
Time initialised: Monday Mon Jan  2 15:10:40 2023
Path to log file: ../test/test_log.txt
overwite: false, log_all queries: false
Retrieved API key
Curl initialised
MAX SERVICE DENIALS (503): 2 
MAX INTERNAL SERVICE ERRORS (500): 2 
--- Client Successfully Initialised ---
 
--- Client Initialised Started ---
Time initialised: Monday Mon Jan  2 15:10:43 2023
Path to log file: ../test/test_log.txt
overwite: false, log_all queries: false
Retrieved API key
Curl initialised
MAX SERVICE DENIALS (503): 2 
MAX INTERNAL SERVICE ERRORS (500): 2 
--- Client Successfully Initialised ---
 
--- Client Initialised Started ---
Time initialised: Monday Mon Jan  2 15:10:44 2023
Path to log file: ../test/test_log.txt
overwite: false, log_all queries: false
Retrieved API key
Curl initialised
MAX SERVICE DENIALS (503): 2 
MAX INTERNAL SERVICE ERRORS (500): 2 
--- Client Successfully Initialised ---
 
--- Client Initialised Started ---
Time initialised: Thursday Thu Jan  5 20:15:49 2023
Path to log file: ../test/test_log.txt
overwite: false, log_all queries: false
Retrieved API key
Curl initialised
MAX SERVICE DENIALS (503): 2 
MAX INTERNAL SERVICE ERRORS (500): 2 
--- Client Successfully Initialised ---
 
